// Jest Snapshot v1, https://goo.gl/fbAQLP

exports[`Container can mount container to a pv 1`] = `
Array [
  Object {
    "apiVersion": "v1",
    "kind": "Pod",
    "metadata": Object {
      "labels": Object {
        "cdk8s.io/metadata.addr": "test-Pod-c815bc91",
      },
      "name": "test-pod-c890e1b8",
    },
    "spec": Object {
      "automountServiceAccountToken": true,
      "containers": Array [
        Object {
          "image": "image",
          "imagePullPolicy": "Always",
          "name": "main",
          "resources": Object {
            "limits": Object {
              "cpu": "1500m",
              "memory": "2048Mi",
            },
            "requests": Object {
              "cpu": "1000m",
              "memory": "512Mi",
            },
          },
          "securityContext": Object {
            "privileged": false,
            "readOnlyRootFilesystem": false,
            "runAsGroup": 26000,
            "runAsNonRoot": false,
            "runAsUser": 25000,
          },
          "volumeMounts": Array [
            Object {
              "mountPath": "/path/to/mount",
              "name": "pvc-pvc-test-pv-c8b2a2c6",
            },
          ],
        },
      ],
      "dnsPolicy": "ClusterFirst",
      "securityContext": Object {
        "fsGroupChangePolicy": "Always",
        "runAsNonRoot": false,
      },
      "setHostnameAsFQDN": false,
      "volumes": Array [
        Object {
          "name": "pvc-pvc-test-pv-c8b2a2c6",
          "persistentVolumeClaim": Object {
            "claimName": "pvc-test-pv-c8b2a2c6",
            "readOnly": false,
          },
        },
      ],
    },
  },
  Object {
    "apiVersion": "v1",
    "kind": "PersistentVolume",
    "metadata": Object {
      "name": "test-pv-c8b2a2c6",
    },
    "spec": Object {
      "awsElasticBlockStore": Object {
        "fsType": "ext4",
        "readOnly": false,
        "volumeID": "vol",
      },
      "claimRef": Object {
        "name": "pvc-test-pv-c8b2a2c6",
      },
      "persistentVolumeReclaimPolicy": "Retain",
      "volumeMode": "Filesystem",
    },
  },
  Object {
    "apiVersion": "v1",
    "kind": "PersistentVolumeClaim",
    "metadata": Object {
      "name": "pvc-test-pv-c8b2a2c6",
    },
    "spec": Object {
      "volumeMode": "Filesystem",
      "volumeName": "test-pv-c8b2a2c6",
    },
  },
]
`;
