// Jest Snapshot v1, https://goo.gl/fbAQLP

exports[`Can be isolated 1`] = `
Array [
  Object {
    "apiVersion": "apps/v1",
    "kind": "DaemonSet",
    "metadata": Object {
      "name": "test-daemonset-c8482ea2",
    },
    "spec": Object {
      "minReadySeconds": 0,
      "selector": Object {
        "matchLabels": Object {
          "cdk8s.io/metadata.addr": "test-DaemonSet-c8f77186",
        },
      },
      "template": Object {
        "metadata": Object {
          "labels": Object {
            "cdk8s.io/metadata.addr": "test-DaemonSet-c8f77186",
          },
        },
        "spec": Object {
          "automountServiceAccountToken": false,
          "containers": Array [
            Object {
              "image": "foobar",
              "imagePullPolicy": "Always",
              "name": "main",
              "resources": Object {
                "limits": Object {
                  "cpu": "1500m",
                  "memory": "2048Mi",
                },
                "requests": Object {
                  "cpu": "1000m",
                  "memory": "512Mi",
                },
              },
              "securityContext": Object {
                "allowPrivilegeEscalation": false,
                "privileged": false,
                "readOnlyRootFilesystem": true,
                "runAsGroup": 26000,
                "runAsNonRoot": true,
                "runAsUser": 25000,
              },
            },
          ],
          "dnsPolicy": "ClusterFirst",
          "restartPolicy": "Always",
          "securityContext": Object {
            "fsGroupChangePolicy": "Always",
            "runAsNonRoot": true,
          },
          "setHostnameAsFQDN": false,
        },
      },
    },
  },
  Object {
    "apiVersion": "networking.k8s.io/v1",
    "kind": "NetworkPolicy",
    "metadata": Object {
      "name": "test-daemonset-defaultdenyall-c826616a",
    },
    "spec": Object {
      "podSelector": Object {
        "matchLabels": Object {
          "cdk8s.io/metadata.addr": "test-DaemonSet-c8f77186",
        },
      },
      "policyTypes": Array [
        "Egress",
        "Ingress",
      ],
    },
  },
]
`;

exports[`custom 1`] = `
Array [
  Object {
    "apiVersion": "apps/v1",
    "kind": "DaemonSet",
    "metadata": Object {
      "name": "test-daemonset-c8482ea2",
    },
    "spec": Object {
      "minReadySeconds": 5,
      "selector": Object {
        "matchLabels": Object {
          "cdk8s.io/metadata.addr": "test-DaemonSet-c8f77186",
        },
      },
      "template": Object {
        "metadata": Object {
          "labels": Object {
            "cdk8s.io/metadata.addr": "test-DaemonSet-c8f77186",
          },
        },
        "spec": Object {
          "automountServiceAccountToken": false,
          "containers": Array [
            Object {
              "image": "image",
              "imagePullPolicy": "Always",
              "name": "main",
              "resources": Object {
                "limits": Object {
                  "cpu": "1500m",
                  "memory": "2048Mi",
                },
                "requests": Object {
                  "cpu": "1000m",
                  "memory": "512Mi",
                },
              },
              "securityContext": Object {
                "allowPrivilegeEscalation": false,
                "privileged": false,
                "readOnlyRootFilesystem": true,
                "runAsGroup": 26000,
                "runAsNonRoot": true,
                "runAsUser": 25000,
              },
            },
          ],
          "dnsPolicy": "ClusterFirst",
          "restartPolicy": "Always",
          "securityContext": Object {
            "fsGroupChangePolicy": "Always",
            "runAsNonRoot": true,
          },
          "setHostnameAsFQDN": false,
        },
      },
    },
  },
]
`;

exports[`defaults 1`] = `
Array [
  Object {
    "apiVersion": "apps/v1",
    "kind": "DaemonSet",
    "metadata": Object {
      "name": "test-daemonset-c8482ea2",
    },
    "spec": Object {
      "minReadySeconds": 0,
      "selector": Object {
        "matchLabels": Object {
          "cdk8s.io/metadata.addr": "test-DaemonSet-c8f77186",
        },
      },
      "template": Object {
        "metadata": Object {
          "labels": Object {
            "cdk8s.io/metadata.addr": "test-DaemonSet-c8f77186",
          },
        },
        "spec": Object {
          "automountServiceAccountToken": false,
          "containers": Array [
            Object {
              "image": "image",
              "imagePullPolicy": "Always",
              "name": "main",
              "resources": Object {
                "limits": Object {
                  "cpu": "1500m",
                  "memory": "2048Mi",
                },
                "requests": Object {
                  "cpu": "1000m",
                  "memory": "512Mi",
                },
              },
              "securityContext": Object {
                "allowPrivilegeEscalation": false,
                "privileged": false,
                "readOnlyRootFilesystem": true,
                "runAsGroup": 26000,
                "runAsNonRoot": true,
                "runAsUser": 25000,
              },
            },
          ],
          "dnsPolicy": "ClusterFirst",
          "restartPolicy": "Always",
          "securityContext": Object {
            "fsGroupChangePolicy": "Always",
            "runAsNonRoot": true,
          },
          "setHostnameAsFQDN": false,
        },
      },
    },
  },
]
`;
