// Jest Snapshot v1, https://goo.gl/fbAQLP

exports[`Can be exposed as via ingress 1`] = `
Array [
  Object {
    "apiVersion": "apps/v1",
    "kind": "Deployment",
    "metadata": Object {
      "name": "test-deployment-c898c72d",
    },
    "spec": Object {
      "replicas": 1,
      "selector": Object {
        "matchLabels": Object {
          "cdk8s.deployment": "test-Deployment-c83f5e59",
        },
      },
      "template": Object {
        "metadata": Object {
          "labels": Object {
            "cdk8s.deployment": "test-Deployment-c83f5e59",
          },
        },
        "spec": Object {
          "containers": Array [
            Object {
              "env": Array [],
              "image": "image",
              "imagePullPolicy": "Always",
              "name": "main",
              "ports": Array [
                Object {
                  "containerPort": 9300,
                },
              ],
              "volumeMounts": Array [],
            },
          ],
          "volumes": Array [],
        },
      },
    },
  },
  Object {
    "apiVersion": "v1",
    "kind": "Service",
    "metadata": Object {
      "name": "test-deployment-service-c870ff98",
    },
    "spec": Object {
      "externalIPs": Array [],
      "ports": Array [
        Object {
          "port": 9300,
          "targetPort": 9300,
        },
      ],
      "selector": Object {
        "cdk8s.deployment": "test-Deployment-c83f5e59",
      },
      "type": "ClusterIP",
    },
  },
  Object {
    "apiVersion": "networking.k8s.io/v1",
    "kind": "Ingress",
    "metadata": Object {
      "name": "test-deployment-service-ingress-c8520013",
    },
    "spec": Object {
      "rules": Array [
        Object {
          "http": Object {
            "paths": Array [
              Object {
                "backend": Object {
                  "service": Object {
                    "name": "test-deployment-service-c870ff98",
                    "port": Object {
                      "number": 9300,
                    },
                  },
                },
                "path": "/hello",
                "pathType": "Prefix",
              },
            ],
          },
        },
      ],
    },
  },
]
`;
