// Jest Snapshot v1, https://goo.gl/fbAQLP

exports[`Can be isolated 1`] = `
Array [
  Object {
    "apiVersion": "batch/v1",
    "kind": "Job",
    "metadata": Object {
      "name": "test-job-c8ab3340",
    },
    "spec": Object {
      "template": Object {
        "metadata": Object {
          "labels": Object {
            "cdk8s.io/metadata.addr": "test-Job-c8ebb678",
          },
        },
        "spec": Object {
          "automountServiceAccountToken": false,
          "containers": Array [
            Object {
              "image": "foobar",
              "imagePullPolicy": "Always",
              "name": "main",
              "resources": Object {
                "limits": Object {
                  "cpu": "1500m",
                  "memory": "2048Mi",
                },
                "requests": Object {
                  "cpu": "1000m",
                  "memory": "512Mi",
                },
              },
              "securityContext": Object {
                "allowPrivilegeEscalation": false,
                "privileged": false,
                "readOnlyRootFilesystem": true,
                "runAsNonRoot": true,
              },
            },
          ],
          "dnsPolicy": "ClusterFirst",
          "restartPolicy": "Never",
          "securityContext": Object {
            "fsGroupChangePolicy": "Always",
            "runAsNonRoot": true,
          },
          "setHostnameAsFQDN": false,
        },
      },
    },
  },
  Object {
    "apiVersion": "networking.k8s.io/v1",
    "kind": "NetworkPolicy",
    "metadata": Object {
      "name": "test-job-defaultdenyall-c8a9d814",
    },
    "spec": Object {
      "podSelector": Object {
        "matchLabels": Object {
          "cdk8s.io/metadata.addr": "test-Job-c8ebb678",
        },
      },
      "policyTypes": Array [
        "Egress",
        "Ingress",
      ],
    },
  },
]
`;
