// Jest Snapshot v1, https://goo.gl/fbAQLP

exports[`can be exposed by an ingress 1`] = `
Object {
  "apiVersion": "networking.k8s.io/v1",
  "kind": "Ingress",
  "metadata": Object {
    "name": "test-service-ingress-c8a1c328",
  },
  "spec": Object {
    "rules": Array [
      Object {
        "http": Object {
          "paths": Array [
            Object {
              "backend": Object {
                "service": Object {
                  "name": "test-service-c85b0531",
                  "port": Object {
                    "number": 80,
                  },
                },
              },
              "path": "/hello",
              "pathType": "Prefix",
            },
          ],
        },
      },
    ],
  },
}
`;

exports[`can select a deployment 1`] = `
Array [
  Object {
    "apiVersion": "apps/v1",
    "kind": "Deployment",
    "metadata": Object {
      "name": "test-deployment-c898c72d",
    },
    "spec": Object {
      "minReadySeconds": 0,
      "progressDeadlineSeconds": 600,
      "replicas": 2,
      "selector": Object {
        "matchLabels": Object {
          "cdk8s.io/metadata.addr": "test-Deployment-c83f5e59",
        },
      },
      "strategy": Object {
        "rollingUpdate": Object {
          "maxSurge": "25%",
          "maxUnavailable": "25%",
        },
        "type": "RollingUpdate",
      },
      "template": Object {
        "metadata": Object {
          "labels": Object {
            "cdk8s.io/metadata.addr": "test-Deployment-c83f5e59",
          },
        },
        "spec": Object {
          "automountServiceAccountToken": true,
          "containers": Array [
            Object {
              "image": "image",
              "imagePullPolicy": "Always",
              "name": "main",
              "resources": Object {
                "limits": Object {
                  "cpu": "1500m",
                  "memory": "2048Mi",
                },
                "requests": Object {
                  "cpu": "1000m",
                  "memory": "512Mi",
                },
              },
              "securityContext": Object {
                "privileged": false,
                "readOnlyRootFilesystem": false,
                "runAsGroup": 26000,
                "runAsNonRoot": false,
                "runAsUser": 25000,
              },
            },
          ],
          "dnsPolicy": "ClusterFirst",
          "securityContext": Object {
            "fsGroupChangePolicy": "Always",
            "runAsNonRoot": false,
          },
          "setHostnameAsFQDN": false,
        },
      },
    },
  },
  Object {
    "apiVersion": "v1",
    "kind": "Service",
    "metadata": Object {
      "name": "test-service-c8569d2f",
    },
    "spec": Object {
      "externalIPs": Array [],
      "ports": Array [
        Object {
          "port": 9000,
        },
      ],
      "selector": Object {
        "cdk8s.io/metadata.addr": "test-Deployment-c83f5e59",
      },
      "type": "ClusterIP",
    },
  },
]
`;
